==============================================================================
Tests                                                                         
==============================================================================
Tests.testDemo5 :: To validate the Login form                                 
==============================================================================
Invalid username                                                      | PASS |
------------------------------------------------------------------------------
Invalid password                                                      | PASS |
------------------------------------------------------------------------------
special characters                                                    | PASS |
------------------------------------------------------------------------------
Login with user 1234 and password  4242                               | PASS |
------------------------------------------------------------------------------
Tests.testDemo5 :: To validate the Login form                         | PASS |
4 tests, 4 passed, 0 failed
==============================================================================
Tests                                                                 | PASS |
4 tests, 4 passed, 0 failed
==============================================================================
Output:  /Users/rahulshetty/pythonProjects/RobotFramework/tests/pabot_results/4/output.xml
