==============================================================================
Tests                                                                         
==============================================================================
Tests.testDemo2 :: To validate the Login form                                 
==============================================================================
Validate UnSuccesful Login                                            | PASS |
------------------------------------------------------------------------------
Validate Cards display in the Shopping Page                           | PASS |
------------------------------------------------------------------------------
Select the Form and navigate to Child window                          | PASS |
------------------------------------------------------------------------------
Tests.testDemo2 :: To validate the Login form                         | PASS |
3 tests, 3 passed, 0 failed
==============================================================================
Tests                                                                 | PASS |
3 tests, 3 passed, 0 failed
==============================================================================
Output:  /Users/rahulshetty/pythonProjects/RobotFramework/tests/pabot_results/1/output.xml
