==============================================================================
Tests                                                                         
==============================================================================
Tests.testDemo7                                                               
==============================================================================
Play around with Dictinoary                                           | PASS |
------------------------------------------------------------------------------
Add Book into Library DataBase                                        | PASS |
------------------------------------------------------------------------------
Get the Book Details which got added                                  | PASS |
------------------------------------------------------------------------------
Delete the Book from database                                         | PASS |
------------------------------------------------------------------------------
Tests.testDemo7                                                       | PASS |
4 tests, 4 passed, 0 failed
==============================================================================
Tests                                                                 | PASS |
4 tests, 4 passed, 0 failed
==============================================================================
Output:  /Users/rahulshetty/pythonProjects/RobotFramework/tests/pabot_results/6/output.xml
